// Jest Snapshot v1, https://goo.gl/fbAQLP

exports[`<Footer /> should match the snapshot of Footer 1`] = `
Array [
  <div
    className="sc-AykKC ZICuv"
  >
    <div>
      <p>
        Looking to start a project?
      </p>
      <a
        href="/contact"
        onClick={[Function]}
      >
        Get in contact.
      </a>
    </div>
    <div
      className="sc-AykKD fMrFOE"
    >
      <a
        href="https://github.com/nwthomas"
      >
        GitHub
      </a>
      <a
        href="https://www.linkedin.com/in/nwthomas-profile/"
      >
        LinkedIn
      </a>
      <a
        href="https://medium.com/@nwthomas"
      >
        Medium
      </a>
      <a
        href="https://twitter.com/nwthomas_"
      >
        Twitter
      </a>
      <a
        href="https://www.instagram.com/nwthomas/"
      >
        Instagram
      </a>
      <a
        href="/contact"
        onClick={[Function]}
      >
        Email
      </a>
    </div>
  </div>,
  <div
    className="sc-AykKE gHKFZd"
  >
    <h4>
      Copyright Â© 2019 Nathan Thomas
    </h4>
  </div>,
]
`;
