// Jest Snapshot v1, https://goo.gl/fbAQLP

exports[`<Logo /> should match the snapshot of Logo 1`] = `
<a
  href="/"
  onClick={[Function]}
>
  <div
    className="sc-AykKC fhSaEQ"
  >
    <div>
      <p>
        N
      </p>
    </div>
  </div>
</a>
`;
