// Jest Snapshot v1, https://goo.gl/fbAQLP

exports[`<HomePageContainer /> should match the snapshot of HomePageContainer 1`] = `
<div>
  <div
    className="sc-AykKC gvFiiQ"
  >
    <p>
      I'm Nathan Thomas, a
       
      <a
        href="https://github.com/nwthomas"
      >
        full stack software engineer
      </a>
       
      living in the Napa Valley and currently attending
       
      <a
        href="https://lambdaschool.com/"
      >
        Lambda School
      </a>
      . Let's
       
      <a
        href="/contact"
        onClick={[Function]}
      >
        talk
      </a>
      .
    </p>
    <div
      className="sc-AykKD bZWOgB"
    >
      <div>
        <h4>
          Current Student:
        </h4>
        <div>
          <a
            href="https://lambdaschool.com/"
          >
            <img
              alt="Current school logo"
              data-testid="schoolLogo"
              src="lambda-logo-white.png"
            />
          </a>
        </div>
      </div>
      <div>
        <h4>
          Previously:
        </h4>
        <div>
          <a
            href="https://www.adventisthealth.org/"
          >
            <img
              alt="Former employer logo"
              data-testid="workLogo"
              src="ah-logo-white.png"
            />
          </a>
        </div>
      </div>
    </div>
  </div>
  <div
    className="sc-AykKE iHfZmp"
  >
    <p
      id="featured-work"
    >
      Featured Projects
    </p>
    <div>
      <div>
        <div>
          <a
            href="https://github.com/dustinmyers/react-conflux"
          >
            <img
              alt="Conflux state management sample"
              data-testid="confluxPicture"
              src="conflux-logo.png"
            />
          </a>
          <h4>
            Conflux State Management
          </h4>
        </div>
      </div>
      <div>
        <div>
          <a
            href="https://github.com/weight-lifting-journal-bw-team/back-end-nathan-thomas"
          >
            <img
              alt="weight lifting journal sample"
              data-testid="weightLiftingJournalPicture"
              src="weight-lifting-journal-app.png"
            />
          </a>
          <h4>
            Weight Lifting Journal
          </h4>
        </div>
      </div>
      <div>
        <div>
          <a
            href="https://github.com/nwthomas/tippr"
          >
            <img
              alt="tippr portfolio sample"
              data-testid="tipprPicture"
              src="tippr-macbook.png"
            />
          </a>
          <h4>
            tippr payment app
          </h4>
        </div>
      </div>
      <div>
        <div>
          <a
            href="https://github.com/nwthomas/instagram-clone"
          >
            <img
              alt="Instagram portfolio sample"
              data-testid="instagramPicture"
              src="instagram-macbook.png"
            />
          </a>
          <h4>
            Instagram Clone
          </h4>
        </div>
      </div>
      <div>
        <div>
          <a
            href="https://github.com/nwthomas/huddle-landing-page"
          >
            <img
              alt="Huddle portfolio sample"
              data-testid="huddlePicture"
              src="huddle-landing-page.png"
            />
          </a>
          <h4>
            Huddle Landing Page
          </h4>
        </div>
      </div>
    </div>
  </div>
  <div
    className="sc-AykKF joCMMf"
  >
    <div>
      <p>
        Looking to start a project?
      </p>
      <a
        href="/contact"
        onClick={[Function]}
      >
        Get in contact.
      </a>
    </div>
    <div
      className="sc-AykKG bjsjyh"
    >
      <a
        href="https://github.com/nwthomas"
      >
        GitHub
      </a>
      <a
        href="https://www.linkedin.com/in/nwthomas-profile/"
      >
        LinkedIn
      </a>
      <a
        href="https://medium.com/@nwthomas"
      >
        Medium
      </a>
      <a
        href="https://twitter.com/nwthomas_"
      >
        Twitter
      </a>
      <a
        href="https://www.instagram.com/nwthomas/"
      >
        Instagram
      </a>
      <a
        href="/contact"
        onClick={[Function]}
      >
        Email
      </a>
    </div>
  </div>
  <div
    className="sc-AykKH cDjEel"
  >
    <h4>
      Copyright Â© 2019 Nathan Thomas
    </h4>
  </div>
</div>
`;
