// Jest Snapshot v1, https://goo.gl/fbAQLP

exports[`<Copyright /> should match the snapshot of Copyright 1`] = `
<div
  className="sc-AykKC bFoCbz"
>
  <h4>
    Copyright Â© 2019 Nathan Thomas
  </h4>
</div>
`;
