// Jest Snapshot v1, https://goo.gl/fbAQLP

exports[`<FeaturedWorkContainer /> should match the snapshot of FeaturedWorkContainer 1`] = `
<div
  className="sc-bdVaJa ckjWSq"
>
  <p
    id="featured-work"
  >
    Featured Projects
  </p>
  <div>
    <div>
      <div>
        <a
          href="https://github.com/labs14-stampd"
        >
          <img
            alt="Stampd DApp sample"
            data-testid="stampdPicture"
            src="stampd-macbook.png"
          />
        </a>
        <h4>
          Stampd Blockchain Credentialing
        </h4>
      </div>
    </div>
    <div>
      <div>
        <a
          href="https://github.com/dustinmyers/react-conflux"
        >
          <img
            alt="Conflux state management sample"
            data-testid="confluxPicture"
            src="conflux-logo.png"
          />
        </a>
        <h4>
          Conflux State Management
        </h4>
      </div>
    </div>
    <div>
      <div>
        <a
          href="https://github.com/weight-lifting-journal-bw-team/back-end-nathan-thomas"
        >
          <img
            alt="weight lifting journal sample"
            data-testid="weightLiftingJournalPicture"
            src="weight-lifting-journal-app.png"
          />
        </a>
        <h4>
          Weight Lifting Journal
        </h4>
      </div>
    </div>
    <div>
      <div>
        <a
          href="https://github.com/nwthomas/tippr"
        >
          <img
            alt="tippr portfolio sample"
            data-testid="tipprPicture"
            src="tippr-macbook.png"
          />
        </a>
        <h4>
          tippr payment app
        </h4>
      </div>
    </div>
    <div>
      <div>
        <a
          href="https://github.com/nwthomas/instagram-clone"
        >
          <img
            alt="Instagram portfolio sample"
            data-testid="instagramPicture"
            src="instagram-macbook.png"
          />
        </a>
        <h4>
          Instagram Clone
        </h4>
      </div>
    </div>
    <div>
      <div>
        <a
          href="https://github.com/nwthomas/huddle-landing-page"
        >
          <img
            alt="Huddle portfolio sample"
            data-testid="huddlePicture"
            src="huddle-landing-page.png"
          />
        </a>
        <h4>
          Huddle Landing Page
        </h4>
      </div>
    </div>
  </div>
</div>
`;
